// Jest Snapshot v1, https://goo.gl/fbAQLP

exports[`SignIn screen SignIn screen 1`] = `
<View
  style={
    Object {
      "backgroundColor": "rgb(245, 245, 245)",
      "flex": 1,
      "paddingBottom": 47.08235294117647,
      "paddingHorizontal": 34.285714285714285,
      "paddingTop": 25,
    }
  }
>
  <Text
    style={
      Object {
        "color": "#484848",
        "fontSize": 18,
      }
    }
  >
    API_BASE_URL: 
  </Text>
  <View
    style={
      Array [
        Object {
          "marginTop": 25.714285714285715,
        },
        undefined,
      ]
    }
  >
    <TextInput
      autoCapitalize="none"
      caretHidden={false}
      keyboardType="email-address"
      onChangeText={[Function]}
      selectionColor="#189E66"
      style={
        Array [
          Object {
            "backgroundColor": "#F1F2F1",
            "borderRadius": 21.428571428571427,
            "fontSize": 32.14285714285714,
            "height": 96.42857142857143,
            "paddingLeft": 10,
            "paddingVertical": 8.571428571428571,
          },
          undefined,
          undefined,
          undefined,
          undefined,
        ]
      }
      value=""
    />
  </View>
  <View
    style={
      Array [
        Object {
          "marginTop": 25.714285714285715,
        },
        undefined,
      ]
    }
  >
    <TextInput
      autoCapitalize="none"
      caretHidden={false}
      onChangeText={[Function]}
      returnKeyType="done"
      secureTextEntry={true}
      selectionColor="#189E66"
      style={
        Array [
          Object {
            "backgroundColor": "#F1F2F1",
            "borderRadius": 21.428571428571427,
            "fontSize": 32.14285714285714,
            "height": 96.42857142857143,
            "paddingLeft": 10,
            "paddingVertical": 8.571428571428571,
          },
          undefined,
          undefined,
          undefined,
          undefined,
        ]
      }
      value=""
    />
  </View>
  <View
    style={
      Array [
        Object {
          "alignItems": "center",
          "justifyContent": "center",
          "width": "100%",
        },
        undefined,
      ]
    }
  >
    <View
      accessibilityLabel=""
      accessibilityRole="button"
      accessible={true}
      collapsable={false}
      focusable={true}
      onClick={[Function]}
      onResponderGrant={[Function]}
      onResponderMove={[Function]}
      onResponderRelease={[Function]}
      onResponderTerminate={[Function]}
      onResponderTerminationRequest={[Function]}
      onStartShouldSetResponder={[Function]}
      style={
        Object {
          "backgroundColor": "#189E66",
          "borderRadius": 21.428571428571427,
          "justifyContent": "center",
          "opacity": 1,
          "paddingVertical": 27.857142857142858,
          "width": "100%",
        }
      }
      testID=""
    >
      <Text
        style={
          Array [
            Object {
              "color": "#ffffff",
              "fontSize": 34.285714285714285,
              "textAlign": "center",
            },
            undefined,
          ]
        }
      >
        Sign In
      </Text>
    </View>
  </View>
  <View
    style={
      Object {
        "flexDirection": "row",
        "justifyContent": "space-between",
        "marginBottom": 31.388235294117646,
        "marginTop": 54.92941176470588,
        "paddingHorizontal": 17.142857142857142,
      }
    }
  >
    <Text
      style={
        Object {
          "color": "#484848",
          "fontSize": 18,
        }
      }
    >
      Don't have an account?
    </Text>
    <View
      accessible={true}
      collapsable={false}
      focusable={true}
      onClick={[Function]}
      onResponderGrant={[Function]}
      onResponderMove={[Function]}
      onResponderRelease={[Function]}
      onResponderTerminate={[Function]}
      onResponderTerminationRequest={[Function]}
      onStartShouldSetResponder={[Function]}
      style={
        Object {
          "alignSelf": "center",
          "opacity": 1,
        }
      }
    >
      <Text
        style={
          Object {
            "color": "#0000EE",
            "marginLeft": 5,
          }
        }
      >
        Sign up now.
      </Text>
    </View>
  </View>
</View>
`;
