// Jest Snapshot v1, https://goo.gl/fbAQLP

exports[`SignUp screen SignUp screen 1`] = `
<View
  style={
    Object {
      "backgroundColor": "rgb(245, 245, 245)",
      "flex": 1,
      "paddingBottom": 47.08235294117647,
      "paddingHorizontal": 34.285714285714285,
      "paddingTop": 25,
    }
  }
  testID="Sigunup Component"
>
  <View
    accessible={true}
    collapsable={false}
    focusable={false}
    onClick={[Function]}
    onResponderGrant={[Function]}
    onResponderMove={[Function]}
    onResponderRelease={[Function]}
    onResponderTerminate={[Function]}
    onResponderTerminationRequest={[Function]}
    onStartShouldSetResponder={[Function]}
    style={
      Object {
        "opacity": 1,
      }
    }
  >
    Add back button icon here
  </View>
  <View
    style={
      Array [
        Object {
          "marginTop": 25.714285714285715,
        },
        undefined,
      ]
    }
  >
    <TextInput
      autoCapitalize="none"
      caretHidden={false}
      keyboardType="email-address"
      onChangeText={[Function]}
      selectionColor="#189E66"
      style={
        Array [
          Object {
            "backgroundColor": "#F1F2F1",
            "borderRadius": 21.428571428571427,
            "fontSize": 32.14285714285714,
            "height": 96.42857142857143,
            "paddingLeft": 10,
            "paddingVertical": 8.571428571428571,
          },
          undefined,
          undefined,
          undefined,
          undefined,
        ]
      }
      testID="Email"
      value=""
    />
  </View>
  <View
    style={
      Array [
        Object {
          "marginTop": 25.714285714285715,
        },
        undefined,
      ]
    }
  >
    <TextInput
      autoCapitalize="none"
      caretHidden={false}
      onChangeText={[Function]}
      secureTextEntry={true}
      selectionColor="#189E66"
      style={
        Array [
          Object {
            "backgroundColor": "#F1F2F1",
            "borderRadius": 21.428571428571427,
            "fontSize": 32.14285714285714,
            "height": 96.42857142857143,
            "paddingLeft": 10,
            "paddingVertical": 8.571428571428571,
          },
          undefined,
          undefined,
          undefined,
          undefined,
        ]
      }
      testID="Password"
      value=""
    />
  </View>
  <View
    style={
      Array [
        Object {
          "marginTop": 25.714285714285715,
        },
        undefined,
      ]
    }
  >
    <TextInput
      autoCapitalize="none"
      caretHidden={false}
      onChangeText={[Function]}
      returnKeyType="done"
      secureTextEntry={true}
      selectionColor="#189E66"
      style={
        Array [
          Object {
            "backgroundColor": "#F1F2F1",
            "borderRadius": 21.428571428571427,
            "fontSize": 32.14285714285714,
            "height": 96.42857142857143,
            "paddingLeft": 10,
            "paddingVertical": 8.571428571428571,
          },
          undefined,
          undefined,
          undefined,
          undefined,
        ]
      }
      testID="ConfrimPassword"
      value=""
    />
  </View>
  <View
    style={
      Array [
        Object {
          "alignItems": "center",
          "justifyContent": "center",
          "width": "100%",
        },
        undefined,
      ]
    }
  >
    <View
      accessibilityLabel=""
      accessibilityRole="button"
      accessible={true}
      collapsable={false}
      focusable={true}
      onClick={[Function]}
      onResponderGrant={[Function]}
      onResponderMove={[Function]}
      onResponderRelease={[Function]}
      onResponderTerminate={[Function]}
      onResponderTerminationRequest={[Function]}
      onStartShouldSetResponder={[Function]}
      style={
        Object {
          "backgroundColor": "#189E66",
          "borderRadius": 21.428571428571427,
          "justifyContent": "center",
          "opacity": 1,
          "paddingVertical": 27.857142857142858,
          "width": "100%",
        }
      }
      testID=""
    >
      <Text
        style={
          Array [
            Object {
              "color": "#ffffff",
              "fontSize": 34.285714285714285,
              "textAlign": "center",
            },
            undefined,
          ]
        }
      >
        Sign Up
      </Text>
    </View>
  </View>
</View>
`;
